(APIServer pid=1) INFO:     <head-ip>:61973 - "GET /v1/models HTTP/1.1" 200 OK
(APIServer pid=1) INFO:     <head-ip>:61974 - "GET /metrics HTTP/1.1" 200 OK
(APIServer pid=1) INFO:     <head-ip>:61975 - "GET /metrics HTTP/1.1" 200 OK
(APIServer pid=1) INFO:     <head-ip>:61976 - "GET /metrics HTTP/1.1" 200 OK
(APIServer pid=1) INFO 09-18 09:27:56 [loggers.py:310] Engine 000: Avg prompt throughput: 0.0 tokens/s, Avg generation throughput: 0.0 tokens/s, Running: 1 reqs, Waiting: 0 reqs, GPU KV cache usage: 14.2%, Prefix cache hit rate: 0.0%
(APIServer pid=1) INFO:     <head-ip>:61990 - "GET /v1/models HTTP/1.1" 200 OK
(APIServer pid=1) INFO:     <head-ip>:61991 - "GET /metrics HTTP/1.1" 200 OK
(APIServer pid=1) INFO:     <head-ip>:61992 - "GET /metrics HTTP/1.1" 200 OK
(APIServer pid=1) INFO:     <head-ip>:61993 - "GET /metrics HTTP/1.1" 200 OK
(APIServer pid=1) INFO:     <head-ip>:62009 - "GET /v1/models HTTP/1.1" 200 OK
(APIServer pid=1) INFO:     <head-ip>:62010 - "GET /metrics HTTP/1.1" 200 OK
(APIServer pid=1) INFO:     <head-ip>:62011 - "GET /metrics HTTP/1.1" 200 OK
(APIServer pid=1) INFO:     <head-ip>:62012 - "GET /metrics HTTP/1.1" 200 OK
(APIServer pid=1) INFO 09-18 09:28:06 [loggers.py:310] Engine 000: Avg prompt throughput: 2354.8 tokens/s, Avg generation throughput: 0.1 tokens/s, Running: 2 reqs, Waiting: 18 reqs, GPU KV cache usage: 27.4%, Prefix cache hit rate: 0.0%
(APIServer pid=1) INFO:     <head-ip>:62030 - "GET /v1/models HTTP/1.1" 200 OK
(APIServer pid=1) INFO:     <head-ip>:62031 - "GET /metrics HTTP/1.1" 200 OK
(APIServer pid=1) INFO:     <head-ip>:62032 - "GET /metrics HTTP/1.1" 200 OK
(APIServer pid=1) INFO:     <head-ip>:62033 - "GET /metrics HTTP/1.1" 200 OK
(APIServer pid=1) INFO:     <head-ip>:62105 - "GET /v1/models HTTP/1.1" 200 OK
(APIServer pid=1) INFO:     <head-ip>:62106 - "GET /metrics HTTP/1.1" 200 OK
(APIServer pid=1) INFO:     <head-ip>:62107 - "GET /metrics HTTP/1.1" 200 OK
(APIServer pid=1) INFO:     <head-ip>:62108 - "GET /metrics HTTP/1.1" 200 OK
(APIServer pid=1) INFO 09-18 09:28:16 [loggers.py:310] Engine 000: Avg prompt throughput: 0.0 tokens/s, Avg generation throughput: 0.7 tokens/s, Running: 2 reqs, Waiting: 18 reqs, GPU KV cache usage: 32.7%, Prefix cache hit rate: 0.0%
(APIServer pid=1) INFO 09-18 09:28:16 [metrics.py:120] SpecDecoding metrics: Mean acceptance length: 2.33, Accepted throughput: 0.13 tokens/s, Drafted throughput: 0.20 tokens/s, Accepted: 4 tokens, Drafted: 6 tokens, Per-position acceptance rate: 0.667, 0.667, Avg Draft acceptance rate: 66.7%
(APIServer pid=1) INFO:     <head-ip>:62140 - "GET /v1/models HTTP/1.1" 200 OK
(APIServer pid=1) INFO:     <head-ip>:62141 - "GET /metrics HTTP/1.1" 200 OK
(APIServer pid=1) INFO:     <head-ip>:62142 - "GET /metrics HTTP/1.1" 200 OK
(APIServer pid=1) INFO:     <head-ip>:62143 - "GET /metrics HTTP/1.1" 200 OK
(APIServer pid=1) INFO 09-18 09:28:26 [loggers.py:310] Engine 000: Avg prompt throughput: 2774.9 tokens/s, Avg generation throughput: 0.9 tokens/s, Running: 3 reqs, Waiting: 17 reqs, GPU KV cache usage: 42.5%, Prefix cache hit rate: 0.0%
(APIServer pid=1) INFO 09-18 09:28:26 [metrics.py:120] SpecDecoding metrics: Mean acceptance length: 2.67, Accepted throughput: 0.50 tokens/s, Drafted throughput: 0.60 tokens/s, Accepted: 5 tokens, Drafted: 6 tokens, Per-position acceptance rate: 1.000, 0.667, Avg Draft acceptance rate: 83.3%
(APIServer pid=1) INFO:     <head-ip>:62157 - "GET /v1/models HTTP/1.1" 200 OK
(APIServer pid=1) INFO:     <head-ip>:62158 - "GET /metrics HTTP/1.1" 200 OK
(APIServer pid=1) INFO:     <head-ip>:62159 - "GET /metrics HTTP/1.1" 200 OK
(APIServer pid=1) INFO:     <head-ip>:62160 - "GET /metrics HTTP/1.1" 200 OK
(APIServer pid=1) INFO:     <head-ip>:62172 - "GET /v1/models HTTP/1.1" 200 OK
(APIServer pid=1) INFO:     <head-ip>:62173 - "GET /metrics HTTP/1.1" 200 OK
(APIServer pid=1) INFO:     <head-ip>:62174 - "GET /metrics HTTP/1.1" 200 OK
(APIServer pid=1) INFO:     <head-ip>:62175 - "GET /metrics HTTP/1.1" 200 OK
(APIServer pid=1) INFO 09-18 09:28:36 [loggers.py:310] Engine 000: Avg prompt throughput: 0.0 tokens/s, Avg generation throughput: 1.9 tokens/s, Running: 3 reqs, Waiting: 17 reqs, GPU KV cache usage: 48.7%, Prefix cache hit rate: 0.0%
(APIServer pid=1) INFO 09-18 09:28:36 [metrics.py:120] SpecDecoding metrics: Mean acceptance length: 2.38, Accepted throughput: 1.10 tokens/s, Drafted throughput: 1.60 tokens/s, Accepted: 11 tokens, Drafted: 16 tokens, Per-position acceptance rate: 0.750, 0.625, Avg Draft acceptance rate: 68.8%
(APIServer pid=1) INFO:     <head-ip>:62192 - "GET /v1/models HTTP/1.1" 200 OK
(APIServer pid=1) INFO:     <head-ip>:62193 - "GET /metrics HTTP/1.1" 200 OK
(APIServer pid=1) INFO:     <head-ip>:62194 - "GET /metrics HTTP/1.1" 200 OK
(APIServer pid=1) INFO:     <head-ip>:62195 - "GET /metrics HTTP/1.1" 200 OK
(APIServer pid=1) INFO:     <head-ip>:62219 - "GET /v1/models HTTP/1.1" 200 OK
(APIServer pid=1) INFO:     <head-ip>:62220 - "GET /metrics HTTP/1.1" 200 OK
(APIServer pid=1) INFO:     <head-ip>:62221 - "GET /metrics HTTP/1.1" 200 OK
(APIServer pid=1) INFO:     <head-ip>:62222 - "GET /metrics HTTP/1.1" 200 OK
(APIServer pid=1) INFO 09-18 09:28:46 [loggers.py:310] Engine 000: Avg prompt throughput: 2494.8 tokens/s, Avg generation throughput: 2.5 tokens/s, Running: 4 reqs, Waiting: 16 reqs, GPU KV cache usage: 61.1%, Prefix cache hit rate: 0.0%
(APIServer pid=1) INFO 09-18 09:28:46 [metrics.py:120] SpecDecoding metrics: Mean acceptance length: 3.00, Accepted throughput: 1.60 tokens/s, Drafted throughput: 1.60 tokens/s, Accepted: 16 tokens, Drafted: 16 tokens, Per-position acceptance rate: 1.000, 1.000, Avg Draft acceptance rate: 100.0%
(APIServer pid=1) INFO:     <head-ip>:62239 - "GET /v1/models HTTP/1.1" 200 OK
(APIServer pid=1) INFO:     <head-ip>:62240 - "GET /metrics HTTP/1.1" 200 OK
(APIServer pid=1) INFO:     <head-ip>:62241 - "GET /metrics HTTP/1.1" 200 OK
(APIServer pid=1) INFO:     <head-ip>:62242 - "GET /metrics HTTP/1.1" 200 OK
(APIServer pid=1) INFO:     <head-ip>:62244 - "GET /metrics HTTP/1.1" 200 OK
(APIServer pid=1) INFO 09-18 09:28:56 [loggers.py:310] Engine 000: Avg prompt throughput: 2354.9 tokens/s, Avg generation throughput: 2.7 tokens/s, Running: 5 reqs, Waiting: 15 reqs, GPU KV cache usage: 70.8%, Prefix cache hit rate: 0.0%
(APIServer pid=1) INFO 09-18 09:28:56 [metrics.py:120] SpecDecoding metrics: Mean acceptance length: 2.89, Accepted throughput: 1.70 tokens/s, Drafted throughput: 1.80 tokens/s, Accepted: 17 tokens, Drafted: 18 tokens, Per-position acceptance rate: 1.000, 0.889, Avg Draft acceptance rate: 94.4%
(APIServer pid=1) INFO:     <head-ip>:62258 - "GET /v1/models HTTP/1.1" 200 OK
(APIServer pid=1) INFO:     <head-ip>:62259 - "GET /metrics HTTP/1.1" 200 OK
(APIServer pid=1) INFO:     <head-ip>:62261 - "GET /metrics HTTP/1.1" 200 OK
(APIServer pid=1) INFO:     <head-ip>:62262 - "GET /metrics HTTP/1.1" 200 OK
(APIServer pid=1) INFO:     <head-ip>:62276 - "GET /v1/models HTTP/1.1" 200 OK
(APIServer pid=1) INFO:     <head-ip>:62277 - "GET /metrics HTTP/1.1" 200 OK
(APIServer pid=1) INFO:     <head-ip>:62278 - "GET /metrics HTTP/1.1" 200 OK
(APIServer pid=1) INFO:     <head-ip>:62279 - "GET /metrics HTTP/1.1" 200 OK
(APIServer pid=1) INFO 09-18 09:29:06 [loggers.py:310] Engine 000: Avg prompt throughput: 0.0 tokens/s, Avg generation throughput: 3.1 tokens/s, Running: 5 reqs, Waiting: 15 reqs, GPU KV cache usage: 76.1%, Prefix cache hit rate: 0.0%
(APIServer pid=1) INFO 09-18 09:29:06 [metrics.py:120] SpecDecoding metrics: Mean acceptance length: 2.58, Accepted throughput: 1.90 tokens/s, Drafted throughput: 2.40 tokens/s, Accepted: 19 tokens, Drafted: 24 tokens, Per-position acceptance rate: 0.833, 0.750, Avg Draft acceptance rate: 79.2%
(APIServer pid=1) INFO:     <head-ip>:62299 - "GET /v1/models HTTP/1.1" 200 OK
(APIServer pid=1) INFO:     <head-ip>:62300 - "GET /metrics HTTP/1.1" 200 OK
(APIServer pid=1) INFO:     <head-ip>:62301 - "GET /metrics HTTP/1.1" 200 OK
(APIServer pid=1) INFO:     <head-ip>:62302 - "GET /metrics HTTP/1.1" 200 OK
(APIServer pid=1) INFO:     <head-ip>:62325 - "GET /v1/models HTTP/1.1" 200 OK
(APIServer pid=1) INFO:     <head-ip>:62326 - "GET /metrics HTTP/1.1" 200 OK
(APIServer pid=1) INFO:     <head-ip>:62327 - "GET /metrics HTTP/1.1" 200 OK
(APIServer pid=1) INFO:     <head-ip>:62328 - "GET /metrics HTTP/1.1" 200 OK
(APIServer pid=1) INFO 09-18 09:29:16 [loggers.py:310] Engine 000: Avg prompt throughput: 2494.8 tokens/s, Avg generation throughput: 2.5 tokens/s, Running: 6 reqs, Waiting: 14 reqs, GPU KV cache usage: 85.0%, Prefix cache hit rate: 0.0%
(APIServer pid=1) INFO 09-18 09:29:16 [metrics.py:120] SpecDecoding metrics: Mean acceptance length: 3.00, Accepted throughput: 1.60 tokens/s, Drafted throughput: 1.60 tokens/s, Accepted: 16 tokens, Drafted: 16 tokens, Per-position acceptance rate: 1.000, 1.000, Avg Draft acceptance rate: 100.0%
(APIServer pid=1) INFO:     <head-ip>:62341 - "GET /v1/models HTTP/1.1" 200 OK
(APIServer pid=1) INFO:     <head-ip>:62342 - "GET /metrics HTTP/1.1" 200 OK
(APIServer pid=1) INFO:     <head-ip>:62343 - "GET /metrics HTTP/1.1" 200 OK
(APIServer pid=1) INFO:     <head-ip>:62344 - "GET /metrics HTTP/1.1" 200 OK
(APIServer pid=1) INFO 09-18 09:29:26 [loggers.py:310] Engine 000: Avg prompt throughput: 0.0 tokens/s, Avg generation throughput: 5.9 tokens/s, Running: 6 reqs, Waiting: 14 reqs, GPU KV cache usage: 91.2%, Prefix cache hit rate: 0.0%
(APIServer pid=1) INFO 09-18 09:29:26 [metrics.py:120] SpecDecoding metrics: Mean acceptance length: 2.95, Accepted throughput: 3.90 tokens/s, Drafted throughput: 4.00 tokens/s, Accepted: 39 tokens, Drafted: 40 tokens, Per-position acceptance rate: 1.000, 0.950, Avg Draft acceptance rate: 97.5%
(APIServer pid=1) INFO:     <head-ip>:62358 - "GET /v1/models HTTP/1.1" 200 OK
(APIServer pid=1) INFO:     <head-ip>:62359 - "GET /metrics HTTP/1.1" 200 OK
(APIServer pid=1) INFO:     <head-ip>:62360 - "GET /metrics HTTP/1.1" 200 OK
(APIServer pid=1) INFO:     <head-ip>:62361 - "GET /metrics HTTP/1.1" 200 OK
(APIServer pid=1) INFO:     <head-ip>:62373 - "GET /v1/models HTTP/1.1" 200 OK
(APIServer pid=1) INFO:     <head-ip>:62376 - "GET /metrics HTTP/1.1" 200 OK
(APIServer pid=1) INFO:     <head-ip>:62377 - "GET /metrics HTTP/1.1" 200 OK
(APIServer pid=1) INFO:     <head-ip>:62378 - "GET /metrics HTTP/1.1" 200 OK
(APIServer pid=1) INFO 09-18 09:29:36 [loggers.py:310] Engine 000: Avg prompt throughput: 2635.0 tokens/s, Avg generation throughput: 63.2 tokens/s, Running: 6 reqs, Waiting: 14 reqs, GPU KV cache usage: 86.7%, Prefix cache hit rate: 0.0%
(APIServer pid=1) INFO 09-18 09:29:36 [metrics.py:120] SpecDecoding metrics: Mean acceptance length: 2.95, Accepted throughput: 41.70 tokens/s, Drafted throughput: 42.80 tokens/s, Accepted: 417 tokens, Drafted: 428 tokens, Per-position acceptance rate: 0.986, 0.963, Avg Draft acceptance rate: 97.4%
(APIServer pid=1) INFO:     <head-ip>:62397 - "GET /v1/models HTTP/1.1" 200 OK
(APIServer pid=1) INFO:     <head-ip>:62398 - "GET /metrics HTTP/1.1" 200 OK
(APIServer pid=1) INFO:     <head-ip>:62399 - "GET /metrics HTTP/1.1" 200 OK
(APIServer pid=1) INFO:     <head-ip>:62400 - "GET /metrics HTTP/1.1" 200 OK
(APIServer pid=1) INFO:     <head-ip>:61952 - "POST /v1/completions HTTP/1.1" 200 OK
(APIServer pid=1) INFO:     <head-ip>:62415 - "GET /v1/models HTTP/1.1" 200 OK
(APIServer pid=1) INFO:     <head-ip>:62416 - "GET /metrics HTTP/1.1" 200 OK
(APIServer pid=1) INFO:     <head-ip>:62417 - "GET /metrics HTTP/1.1" 200 OK
(APIServer pid=1) INFO:     <head-ip>:62418 - "GET /metrics HTTP/1.1" 200 OK
(APIServer pid=1) INFO 09-18 09:29:46 [loggers.py:310] Engine 000: Avg prompt throughput: 0.0 tokens/s, Avg generation throughput: 72.5 tokens/s, Running: 6 reqs, Waiting: 13 reqs, GPU KV cache usage: 83.2%, Prefix cache hit rate: 0.0%
(APIServer pid=1) INFO 09-18 09:29:46 [metrics.py:120] SpecDecoding metrics: Mean acceptance length: 2.96, Accepted throughput: 48.10 tokens/s, Drafted throughput: 49.00 tokens/s, Accepted: 481 tokens, Drafted: 490 tokens, Per-position acceptance rate: 0.992, 0.971, Avg Draft acceptance rate: 98.2%
(APIServer pid=1) INFO:     <head-ip>:61957 - "POST /v1/completions HTTP/1.1" 200 OK
(APIServer pid=1) INFO:     <head-ip>:62432 - "GET /v1/models HTTP/1.1" 200 OK
(APIServer pid=1) INFO:     <head-ip>:62433 - "GET /metrics HTTP/1.1" 200 OK
(APIServer pid=1) INFO:     <head-ip>:62434 - "GET /metrics HTTP/1.1" 200 OK
(APIServer pid=1) INFO:     <head-ip>:62435 - "GET /metrics HTTP/1.1" 200 OK
(APIServer pid=1) INFO:     <head-ip>:62437 - "GET /metrics HTTP/1.1" 200 OK
(APIServer pid=1) INFO 09-18 09:29:56 [loggers.py:310] Engine 000: Avg prompt throughput: 0.0 tokens/s, Avg generation throughput: 3.8 tokens/s, Running: 5 reqs, Waiting: 13 reqs, GPU KV cache usage: 76.1%, Prefix cache hit rate: 0.0%
(APIServer pid=1) INFO 09-18 09:29:56 [metrics.py:120] SpecDecoding metrics: Mean acceptance length: 3.00, Accepted throughput: 2.60 tokens/s, Drafted throughput: 2.60 tokens/s, Accepted: 26 tokens, Drafted: 26 tokens, Per-position acceptance rate: 1.000, 1.000, Avg Draft acceptance rate: 100.0%
(APIServer pid=1) INFO:     <head-ip>:62451 - "GET /v1/models HTTP/1.1" 200 OK
(APIServer pid=1) INFO:     <head-ip>:62452 - "GET /metrics HTTP/1.1" 200 OK
(APIServer pid=1) INFO:     <head-ip>:62453 - "GET /metrics HTTP/1.1" 200 OK
(APIServer pid=1) INFO:     <head-ip>:62454 - "GET /metrics HTTP/1.1" 200 OK
(APIServer pid=1) INFO:     <head-ip>:61953 - "POST /v1/completions HTTP/1.1" 200 OK
(APIServer pid=1) INFO:     <head-ip>:62468 - "GET /v1/models HTTP/1.1" 200 OK
(APIServer pid=1) INFO:     <head-ip>:62469 - "GET /metrics HTTP/1.1" 200 OK
(APIServer pid=1) INFO:     <head-ip>:62470 - "GET /metrics HTTP/1.1" 200 OK
(APIServer pid=1) INFO:     <head-ip>:62471 - "GET /metrics HTTP/1.1" 200 OK
(APIServer pid=1) INFO 09-18 09:30:06 [loggers.py:310] Engine 000: Avg prompt throughput: 2355.1 tokens/s, Avg generation throughput: 3.7 tokens/s, Running: 5 reqs, Waiting: 12 reqs, GPU KV cache usage: 70.8%, Prefix cache hit rate: 0.0%
(APIServer pid=1) INFO 09-18 09:30:06 [metrics.py:120] SpecDecoding metrics: Mean acceptance length: 2.92, Accepted throughput: 2.50 tokens/s, Drafted throughput: 2.60 tokens/s, Accepted: 25 tokens, Drafted: 26 tokens, Per-position acceptance rate: 1.000, 0.923, Avg Draft acceptance rate: 96.2%
(APIServer pid=1) INFO:     <head-ip>:62492 - "GET /v1/models HTTP/1.1" 200 OK
(APIServer pid=1) INFO:     <head-ip>:62493 - "GET /metrics HTTP/1.1" 200 OK
(APIServer pid=1) INFO:     <head-ip>:62494 - "GET /metrics HTTP/1.1" 200 OK
(APIServer pid=1) INFO:     <head-ip>:62495 - "GET /metrics HTTP/1.1" 200 OK
(APIServer pid=1) INFO:     <head-ip>:61954 - "POST /v1/completions HTTP/1.1" 200 OK
(APIServer pid=1) INFO:     <head-ip>:62509 - "GET /v1/models HTTP/1.1" 200 OK
(APIServer pid=1) INFO:     <head-ip>:62510 - "GET /metrics HTTP/1.1" 200 OK
(APIServer pid=1) INFO:     <head-ip>:62511 - "GET /metrics HTTP/1.1" 200 OK
(APIServer pid=1) INFO 09-18 09:30:16 [loggers.py:310] Engine 000: Avg prompt throughput: 0.0 tokens/s, Avg generation throughput: 3.9 tokens/s, Running: 4 reqs, Waiting: 12 reqs, GPU KV cache usage: 62.8%, Prefix cache hit rate: 0.0%
(APIServer pid=1) INFO 09-18 09:30:16 [metrics.py:120] SpecDecoding metrics: Mean acceptance length: 2.60, Accepted throughput: 2.40 tokens/s, Drafted throughput: 3.00 tokens/s, Accepted: 24 tokens, Drafted: 30 tokens, Per-position acceptance rate: 0.800, 0.800, Avg Draft acceptance rate: 80.0%
(APIServer pid=1) INFO:     <head-ip>:62512 - "GET /metrics HTTP/1.1" 200 OK
(APIServer pid=1) INFO:     <head-ip>:62525 - "GET /v1/models HTTP/1.1" 200 OK
(APIServer pid=1) INFO:     <head-ip>:62526 - "GET /metrics HTTP/1.1" 200 OK
(APIServer pid=1) INFO:     <head-ip>:62527 - "GET /metrics HTTP/1.1" 200 OK
(APIServer pid=1) INFO:     <head-ip>:62528 - "GET /metrics HTTP/1.1" 200 OK
(APIServer pid=1) INFO 09-18 09:30:26 [loggers.py:310] Engine 000: Avg prompt throughput: 2635.1 tokens/s, Avg generation throughput: 3.1 tokens/s, Running: 5 reqs, Waiting: 11 reqs, GPU KV cache usage: 75.2%, Prefix cache hit rate: 0.0%
(APIServer pid=1) INFO 09-18 09:30:26 [metrics.py:120] SpecDecoding metrics: Mean acceptance length: 2.73, Accepted throughput: 1.90 tokens/s, Drafted throughput: 2.20 tokens/s, Accepted: 19 tokens, Drafted: 22 tokens, Per-position acceptance rate: 0.909, 0.818, Avg Draft acceptance rate: 86.4%
(APIServer pid=1) INFO:     <head-ip>:62542 - "GET /v1/models HTTP/1.1" 200 OK
(APIServer pid=1) INFO:     <head-ip>:62543 - "GET /metrics HTTP/1.1" 200 OK
(APIServer pid=1) INFO:     <head-ip>:62544 - "GET /metrics HTTP/1.1" 200 OK
(APIServer pid=1) INFO:     <head-ip>:62545 - "GET /metrics HTTP/1.1" 200 OK
(APIServer pid=1) INFO:     <head-ip>:61956 - "POST /v1/completions HTTP/1.1" 200 OK
(APIServer pid=1) INFO:     <head-ip>:62557 - "GET /v1/models HTTP/1.1" 200 OK
(APIServer pid=1) INFO:     <head-ip>:62558 - "GET /metrics HTTP/1.1" 200 OK
(APIServer pid=1) INFO:     <head-ip>:62559 - "GET /metrics HTTP/1.1" 200 OK
(APIServer pid=1) INFO:     <head-ip>:62560 - "GET /metrics HTTP/1.1" 200 OK
(APIServer pid=1) INFO 09-18 09:30:36 [loggers.py:310] Engine 000: Avg prompt throughput: 2635.1 tokens/s, Avg generation throughput: 4.3 tokens/s, Running: 5 reqs, Waiting: 10 reqs, GPU KV cache usage: 71.7%, Prefix cache hit rate: 0.0%
(APIServer pid=1) INFO 09-18 09:30:36 [metrics.py:120] SpecDecoding metrics: Mean acceptance length: 2.87, Accepted throughput: 2.80 tokens/s, Drafted throughput: 3.00 tokens/s, Accepted: 28 tokens, Drafted: 30 tokens, Per-position acceptance rate: 0.933, 0.933, Avg Draft acceptance rate: 93.3%
(APIServer pid=1) INFO:     <head-ip>:62572 - "GET /v1/models HTTP/1.1" 200 OK
(APIServer pid=1) INFO:     <head-ip>:62583 - "GET /v1/models HTTP/1.1" 200 OK
(APIServer pid=1) INFO:     <head-ip>:62584 - "GET /metrics HTTP/1.1" 200 OK
(APIServer pid=1) INFO:     <head-ip>:62585 - "GET /metrics HTTP/1.1" 200 OK
(APIServer pid=1) INFO:     <head-ip>:62586 - "GET /metrics HTTP/1.1" 200 OK
(APIServer pid=1) INFO:     <head-ip>:61955 - "POST /v1/completions HTTP/1.1" 200 OK
(APIServer pid=1) INFO:     <head-ip>:62600 - "GET /v1/models HTTP/1.1" 200 OK
(APIServer pid=1) INFO:     <head-ip>:62601 - "GET /metrics HTTP/1.1" 200 OK
(APIServer pid=1) INFO 09-18 09:30:46 [loggers.py:310] Engine 000: Avg prompt throughput: 0.0 tokens/s, Avg generation throughput: 2.9 tokens/s, Running: 4 reqs, Waiting: 10 reqs, GPU KV cache usage: 62.8%, Prefix cache hit rate: 0.0%
(APIServer pid=1) INFO 09-18 09:30:46 [metrics.py:120] SpecDecoding metrics: Mean acceptance length: 2.58, Accepted throughput: 1.90 tokens/s, Drafted throughput: 2.40 tokens/s, Accepted: 19 tokens, Drafted: 24 tokens, Per-position acceptance rate: 0.833, 0.750, Avg Draft acceptance rate: 79.2%
(APIServer pid=1) INFO:     <head-ip>:62602 - "GET /metrics HTTP/1.1" 200 OK
(APIServer pid=1) INFO:     <head-ip>:62603 - "GET /metrics HTTP/1.1" 200 OK
(APIServer pid=1) INFO:     <head-ip>:62620 - "GET /v1/models HTTP/1.1" 200 OK
(APIServer pid=1) INFO:     <head-ip>:62621 - "GET /metrics HTTP/1.1" 200 OK
(APIServer pid=1) INFO:     <head-ip>:62622 - "GET /metrics HTTP/1.1" 200 OK
(APIServer pid=1) INFO:     <head-ip>:62623 - "GET /metrics HTTP/1.1" 200 OK
(APIServer pid=1) INFO 09-18 09:30:56 [loggers.py:310] Engine 000: Avg prompt throughput: 2214.6 tokens/s, Avg generation throughput: 4.0 tokens/s, Running: 5 reqs, Waiting: 9 reqs, GPU KV cache usage: 76.1%, Prefix cache hit rate: 0.0%
(APIServer pid=1) INFO 09-18 09:30:56 [metrics.py:120] SpecDecoding metrics: Mean acceptance length: 2.79, Accepted throughput: 2.50 tokens/s, Drafted throughput: 2.80 tokens/s, Accepted: 25 tokens, Drafted: 28 tokens, Per-position acceptance rate: 0.929, 0.857, Avg Draft acceptance rate: 89.3%
(APIServer pid=1) INFO:     <head-ip>:62637 - "GET /v1/models HTTP/1.1" 200 OK
(APIServer pid=1) INFO:     <head-ip>:62638 - "GET /metrics HTTP/1.1" 200 OK
(APIServer pid=1) INFO:     <head-ip>:62639 - "GET /metrics HTTP/1.1" 200 OK
(APIServer pid=1) INFO:     <head-ip>:62640 - "GET /metrics HTTP/1.1" 200 OK
(APIServer pid=1) INFO:     <head-ip>:62642 - "GET /metrics HTTP/1.1" 200 OK
(APIServer pid=1) INFO:     <head-ip>:62656 - "GET /v1/models HTTP/1.1" 200 OK
(APIServer pid=1) INFO:     <head-ip>:62657 - "GET /metrics HTTP/1.1" 200 OK
(APIServer pid=1) INFO:     <head-ip>:62658 - "GET /metrics HTTP/1.1" 200 OK
(APIServer pid=1) INFO:     <head-ip>:62659 - "GET /metrics HTTP/1.1" 200 OK
(APIServer pid=1) INFO 09-18 09:31:06 [loggers.py:310] Engine 000: Avg prompt throughput: 0.0 tokens/s, Avg generation throughput: 2.4 tokens/s, Running: 5 reqs, Waiting: 9 reqs, GPU KV cache usage: 77.9%, Prefix cache hit rate: 0.0%
(APIServer pid=1) INFO 09-18 09:31:06 [metrics.py:120] SpecDecoding metrics: Mean acceptance length: 3.00, Accepted throughput: 1.60 tokens/s, Drafted throughput: 1.60 tokens/s, Accepted: 16 tokens, Drafted: 16 tokens, Per-position acceptance rate: 1.000, 1.000, Avg Draft acceptance rate: 100.0%
(APIServer pid=1) INFO:     <head-ip>:62678 - "GET /v1/models HTTP/1.1" 200 OK
(APIServer pid=1) INFO:     <head-ip>:62679 - "GET /metrics HTTP/1.1" 200 OK
(APIServer pid=1) INFO:     <head-ip>:62680 - "GET /metrics HTTP/1.1" 200 OK
(APIServer pid=1) INFO:     <head-ip>:62681 - "GET /metrics HTTP/1.1" 200 OK
(APIServer pid=1) INFO:     <head-ip>:62695 - "GET /v1/models HTTP/1.1" 200 OK
(APIServer pid=1) INFO 09-18 09:31:16 [loggers.py:310] Engine 000: Avg prompt throughput: 2354.9 tokens/s, Avg generation throughput: 5.8 tokens/s, Running: 6 reqs, Waiting: 8 reqs, GPU KV cache usage: 91.2%, Prefix cache hit rate: 0.0%
(APIServer pid=1) INFO 09-18 09:31:16 [metrics.py:120] SpecDecoding metrics: Mean acceptance length: 3.00, Accepted throughput: 3.80 tokens/s, Drafted throughput: 3.80 tokens/s, Accepted: 38 tokens, Drafted: 38 tokens, Per-position acceptance rate: 1.000, 1.000, Avg Draft acceptance rate: 100.0%
(APIServer pid=1) INFO:     <head-ip>:62696 - "GET /metrics HTTP/1.1" 200 OK
(APIServer pid=1) INFO:     <head-ip>:62697 - "GET /metrics HTTP/1.1" 200 OK
(APIServer pid=1) INFO:     <head-ip>:62698 - "GET /metrics HTTP/1.1" 200 OK
(APIServer pid=1) INFO:     <head-ip>:62711 - "GET /v1/models HTTP/1.1" 200 OK
(APIServer pid=1) INFO:     <head-ip>:62712 - "GET /metrics HTTP/1.1" 200 OK
(APIServer pid=1) INFO:     <head-ip>:62713 - "GET /metrics HTTP/1.1" 200 OK
(APIServer pid=1) INFO:     <head-ip>:62714 - "GET /metrics HTTP/1.1" 200 OK
(APIServer pid=1) INFO 09-18 09:31:26 [loggers.py:310] Engine 000: Avg prompt throughput: 2494.9 tokens/s, Avg generation throughput: 53.1 tokens/s, Running: 6 reqs, Waiting: 8 reqs, GPU KV cache usage: 86.7%, Prefix cache hit rate: 0.0%
(APIServer pid=1) INFO 09-18 09:31:26 [metrics.py:120] SpecDecoding metrics: Mean acceptance length: 2.98, Accepted throughput: 35.20 tokens/s, Drafted throughput: 35.60 tokens/s, Accepted: 352 tokens, Drafted: 356 tokens, Per-position acceptance rate: 1.000, 0.978, Avg Draft acceptance rate: 98.9%
(APIServer pid=1) INFO:     <head-ip>:62729 - "GET /v1/models HTTP/1.1" 200 OK
(APIServer pid=1) INFO:     <head-ip>:62730 - "GET /metrics HTTP/1.1" 200 OK
(APIServer pid=1) INFO:     <head-ip>:62731 - "GET /metrics HTTP/1.1" 200 OK
(APIServer pid=1) INFO:     <head-ip>:62732 - "GET /metrics HTTP/1.1" 200 OK
(APIServer pid=1) INFO:     <head-ip>:62750 - "GET /v1/models HTTP/1.1" 200 OK
(APIServer pid=1) INFO:     <head-ip>:62751 - "GET /metrics HTTP/1.1" 200 OK
(APIServer pid=1) INFO:     <head-ip>:62752 - "GET /metrics HTTP/1.1" 200 OK
(APIServer pid=1) INFO:     <head-ip>:62753 - "GET /metrics HTTP/1.1" 200 OK
(APIServer pid=1) INFO:     <head-ip>:61958 - "POST /v1/completions HTTP/1.1" 200 OK
(APIServer pid=1) INFO 09-18 09:31:36 [loggers.py:310] Engine 000: Avg prompt throughput: 0.0 tokens/s, Avg generation throughput: 85.8 tokens/s, Running: 6 reqs, Waiting: 7 reqs, GPU KV cache usage: 83.2%, Prefix cache hit rate: 0.0%
(APIServer pid=1) INFO 09-18 09:31:36 [metrics.py:120] SpecDecoding metrics: Mean acceptance length: 2.99, Accepted throughput: 57.10 tokens/s, Drafted throughput: 57.40 tokens/s, Accepted: 571 tokens, Drafted: 574 tokens, Per-position acceptance rate: 1.000, 0.990, Avg Draft acceptance rate: 99.5%
(APIServer pid=1) INFO:     <head-ip>:62775 - "GET /v1/models HTTP/1.1" 200 OK
(APIServer pid=1) INFO:     <head-ip>:62776 - "GET /metrics HTTP/1.1" 200 OK
(APIServer pid=1) INFO:     <head-ip>:62777 - "GET /metrics HTTP/1.1" 200 OK
(APIServer pid=1) INFO:     <head-ip>:62778 - "GET /metrics HTTP/1.1" 200 OK
(APIServer pid=1) INFO 09-18 09:31:46 [loggers.py:310] Engine 000: Avg prompt throughput: 0.0 tokens/s, Avg generation throughput: 4.4 tokens/s, Running: 6 reqs, Waiting: 7 reqs, GPU KV cache usage: 91.2%, Prefix cache hit rate: 0.0%
(APIServer pid=1) INFO 09-18 09:31:46 [metrics.py:120] SpecDecoding metrics: Mean acceptance length: 2.93, Accepted throughput: 2.90 tokens/s, Drafted throughput: 3.00 tokens/s, Accepted: 29 tokens, Drafted: 30 tokens, Per-position acceptance rate: 1.000, 0.933, Avg Draft acceptance rate: 96.7%
(APIServer pid=1) INFO:     <head-ip>:62793 - "GET /v1/models HTTP/1.1" 200 OK
(APIServer pid=1) INFO:     <head-ip>:62794 - "GET /metrics HTTP/1.1" 200 OK
(APIServer pid=1) INFO:     <head-ip>:62795 - "GET /metrics HTTP/1.1" 200 OK
(APIServer pid=1) INFO:     <head-ip>:62796 - "GET /metrics HTTP/1.1" 200 OK
(APIServer pid=1) INFO:     <head-ip>:61959 - "POST /v1/completions HTTP/1.1" 200 OK
(APIServer pid=1) INFO:     <head-ip>:62811 - "GET /v1/models HTTP/1.1" 200 OK
(APIServer pid=1) INFO:     <head-ip>:62812 - "GET /metrics HTTP/1.1" 200 OK
(APIServer pid=1) INFO:     <head-ip>:62813 - "GET /metrics HTTP/1.1" 200 OK
(APIServer pid=1) INFO:     <head-ip>:62814 - "GET /metrics HTTP/1.1" 200 OK
(APIServer pid=1) INFO 09-18 09:31:56 [loggers.py:310] Engine 000: Avg prompt throughput: 2354.7 tokens/s, Avg generation throughput: 5.6 tokens/s, Running: 6 reqs, Waiting: 6 reqs, GPU KV cache usage: 85.8%, Prefix cache hit rate: 0.0%
(APIServer pid=1) INFO 09-18 09:31:56 [metrics.py:120] SpecDecoding metrics: Mean acceptance length: 2.85, Accepted throughput: 3.70 tokens/s, Drafted throughput: 4.00 tokens/s, Accepted: 37 tokens, Drafted: 40 tokens, Per-position acceptance rate: 0.950, 0.900, Avg Draft acceptance rate: 92.5%
(APIServer pid=1) INFO:     <head-ip>:62830 - "GET /v1/models HTTP/1.1" 200 OK
(APIServer pid=1) INFO:     <head-ip>:62831 - "GET /metrics HTTP/1.1" 200 OK
(APIServer pid=1) INFO:     <head-ip>:62832 - "GET /metrics HTTP/1.1" 200 OK
(APIServer pid=1) INFO:     <head-ip>:62833 - "GET /metrics HTTP/1.1" 200 OK
(APIServer pid=1) INFO:     <head-ip>:62835 - "GET /metrics HTTP/1.1" 200 OK
(APIServer pid=1) INFO:     <head-ip>:62847 - "GET /v1/models HTTP/1.1" 200 OK
(APIServer pid=1) INFO:     <head-ip>:62848 - "GET /metrics HTTP/1.1" 200 OK
(APIServer pid=1) INFO:     <head-ip>:62849 - "GET /metrics HTTP/1.1" 200 OK
(APIServer pid=1) INFO:     <head-ip>:62850 - "GET /metrics HTTP/1.1" 200 OK
(APIServer pid=1) INFO:     <head-ip>:61960 - "POST /v1/completions HTTP/1.1" 200 OK
(APIServer pid=1) INFO 09-18 09:32:06 [loggers.py:310] Engine 000: Avg prompt throughput: 2354.8 tokens/s, Avg generation throughput: 5.8 tokens/s, Running: 5 reqs, Waiting: 6 reqs, GPU KV cache usage: 73.5%, Prefix cache hit rate: 0.0%
(APIServer pid=1) INFO 09-18 09:32:06 [metrics.py:120] SpecDecoding metrics: Mean acceptance length: 2.95, Accepted throughput: 3.90 tokens/s, Drafted throughput: 4.00 tokens/s, Accepted: 39 tokens, Drafted: 40 tokens, Per-position acceptance rate: 1.000, 0.950, Avg Draft acceptance rate: 97.5%
(APIServer pid=1) INFO:     <head-ip>:62869 - "GET /v1/models HTTP/1.1" 200 OK
(APIServer pid=1) INFO:     <head-ip>:62870 - "GET /metrics HTTP/1.1" 200 OK
(APIServer pid=1) INFO:     <head-ip>:62871 - "GET /metrics HTTP/1.1" 200 OK
(APIServer pid=1) INFO:     <head-ip>:62872 - "GET /metrics HTTP/1.1" 200 OK
(APIServer pid=1) INFO:     <head-ip>:61961 - "POST /v1/completions HTTP/1.1" 200 OK
(APIServer pid=1) INFO 09-18 09:32:16 [loggers.py:310] Engine 000: Avg prompt throughput: 0.0 tokens/s, Avg generation throughput: 5.8 tokens/s, Running: 5 reqs, Waiting: 5 reqs, GPU KV cache usage: 75.2%, Prefix cache hit rate: 0.0%
(APIServer pid=1) INFO 09-18 09:32:16 [metrics.py:120] SpecDecoding metrics: Mean acceptance length: 2.95, Accepted throughput: 3.90 tokens/s, Drafted throughput: 4.00 tokens/s, Accepted: 39 tokens, Drafted: 40 tokens, Per-position acceptance rate: 1.000, 0.950, Avg Draft acceptance rate: 97.5%
(APIServer pid=1) INFO:     <head-ip>:62886 - "GET /v1/models HTTP/1.1" 200 OK
(APIServer pid=1) INFO:     <head-ip>:62887 - "GET /metrics HTTP/1.1" 200 OK
(APIServer pid=1) INFO:     <head-ip>:62888 - "GET /metrics HTTP/1.1" 200 OK
(APIServer pid=1) INFO:     <head-ip>:62889 - "GET /metrics HTTP/1.1" 200 OK
(APIServer pid=1) INFO:     <head-ip>:62902 - "GET /v1/models HTTP/1.1" 200 OK
(APIServer pid=1) INFO:     <head-ip>:62903 - "GET /metrics HTTP/1.1" 200 OK
(APIServer pid=1) INFO:     <head-ip>:62904 - "GET /metrics HTTP/1.1" 200 OK
(APIServer pid=1) INFO:     <head-ip>:62905 - "GET /metrics HTTP/1.1" 200 OK
(APIServer pid=1) INFO 09-18 09:32:26 [loggers.py:310] Engine 000: Avg prompt throughput: 2354.7 tokens/s, Avg generation throughput: 3.9 tokens/s, Running: 6 reqs, Waiting: 4 reqs, GPU KV cache usage: 85.0%, Prefix cache hit rate: 0.0%
(APIServer pid=1) INFO 09-18 09:32:26 [metrics.py:120] SpecDecoding metrics: Mean acceptance length: 2.92, Accepted throughput: 2.50 tokens/s, Drafted throughput: 2.60 tokens/s, Accepted: 25 tokens, Drafted: 26 tokens, Per-position acceptance rate: 1.000, 0.923, Avg Draft acceptance rate: 96.2%
(APIServer pid=1) INFO:     <head-ip>:62919 - "GET /v1/models HTTP/1.1" 200 OK
(APIServer pid=1) INFO:     <head-ip>:62920 - "GET /metrics HTTP/1.1" 200 OK
(APIServer pid=1) INFO:     <head-ip>:62921 - "GET /metrics HTTP/1.1" 200 OK
(APIServer pid=1) INFO:     <head-ip>:62922 - "GET /metrics HTTP/1.1" 200 OK
(APIServer pid=1) INFO:     <head-ip>:61962 - "POST /v1/completions HTTP/1.1" 200 OK
(APIServer pid=1) INFO:     <head-ip>:62934 - "GET /v1/models HTTP/1.1" 200 OK
(APIServer pid=1) INFO:     <head-ip>:62935 - "GET /metrics HTTP/1.1" 200 OK
(APIServer pid=1) INFO:     <head-ip>:62936 - "GET /metrics HTTP/1.1" 200 OK
(APIServer pid=1) INFO:     <head-ip>:62937 - "GET /metrics HTTP/1.1" 200 OK
(APIServer pid=1) INFO 09-18 09:32:36 [loggers.py:310] Engine 000: Avg prompt throughput: 0.0 tokens/s, Avg generation throughput: 4.0 tokens/s, Running: 5 reqs, Waiting: 4 reqs, GPU KV cache usage: 76.1%, Prefix cache hit rate: 0.0%
(APIServer pid=1) INFO 09-18 09:32:36 [metrics.py:120] SpecDecoding metrics: Mean acceptance length: 2.93, Accepted throughput: 2.70 tokens/s, Drafted throughput: 2.80 tokens/s, Accepted: 27 tokens, Drafted: 28 tokens, Per-position acceptance rate: 1.000, 0.929, Avg Draft acceptance rate: 96.4%
(APIServer pid=1) INFO:     <head-ip>:62956 - "GET /v1/models HTTP/1.1" 200 OK
(APIServer pid=1) INFO:     <head-ip>:62957 - "GET /metrics HTTP/1.1" 200 OK
(APIServer pid=1) INFO:     <head-ip>:62958 - "GET /metrics HTTP/1.1" 200 OK
(APIServer pid=1) INFO:     <head-ip>:62959 - "GET /metrics HTTP/1.1" 200 OK
(APIServer pid=1) INFO:     <head-ip>:62974 - "GET /v1/models HTTP/1.1" 200 OK
(APIServer pid=1) INFO:     <head-ip>:62975 - "GET /metrics HTTP/1.1" 200 OK
(APIServer pid=1) INFO:     <head-ip>:62976 - "GET /metrics HTTP/1.1" 200 OK
(APIServer pid=1) INFO:     <head-ip>:62977 - "GET /metrics HTTP/1.1" 200 OK
(APIServer pid=1) INFO 09-18 09:32:46 [loggers.py:310] Engine 000: Avg prompt throughput: 2494.5 tokens/s, Avg generation throughput: 5.1 tokens/s, Running: 6 reqs, Waiting: 3 reqs, GPU KV cache usage: 89.4%, Prefix cache hit rate: 0.0%
(APIServer pid=1) INFO 09-18 09:32:46 [metrics.py:120] SpecDecoding metrics: Mean acceptance length: 2.63, Accepted throughput: 3.10 tokens/s, Drafted throughput: 3.80 tokens/s, Accepted: 31 tokens, Drafted: 38 tokens, Per-position acceptance rate: 0.842, 0.789, Avg Draft acceptance rate: 81.6%
(APIServer pid=1) INFO:     <head-ip>:61963 - "POST /v1/completions HTTP/1.1" 200 OK
(APIServer pid=1) INFO:     <head-ip>:62990 - "GET /v1/models HTTP/1.1" 200 OK
(APIServer pid=1) INFO:     <head-ip>:62991 - "GET /metrics HTTP/1.1" 200 OK
(APIServer pid=1) INFO:     <head-ip>:62992 - "GET /metrics HTTP/1.1" 200 OK
(APIServer pid=1) INFO:     <head-ip>:62993 - "GET /metrics HTTP/1.1" 200 OK
(APIServer pid=1) INFO 09-18 09:32:56 [loggers.py:310] Engine 000: Avg prompt throughput: 2494.6 tokens/s, Avg generation throughput: 2.7 tokens/s, Running: 6 reqs, Waiting: 2 reqs, GPU KV cache usage: 84.1%, Prefix cache hit rate: 0.0%
(APIServer pid=1) INFO 09-18 09:32:56 [metrics.py:120] SpecDecoding metrics: Mean acceptance length: 2.89, Accepted throughput: 1.70 tokens/s, Drafted throughput: 1.80 tokens/s, Accepted: 17 tokens, Drafted: 18 tokens, Per-position acceptance rate: 1.000, 0.889, Avg Draft acceptance rate: 94.4%
(APIServer pid=1) INFO:     <head-ip>:63007 - "GET /v1/models HTTP/1.1" 200 OK
(APIServer pid=1) INFO:     <head-ip>:63008 - "GET /metrics HTTP/1.1" 200 OK
(APIServer pid=1) INFO:     <head-ip>:63009 - "GET /metrics HTTP/1.1" 200 OK
(APIServer pid=1) INFO:     <head-ip>:63010 - "GET /metrics HTTP/1.1" 200 OK
(APIServer pid=1) INFO:     <head-ip>:63022 - "GET /v1/models HTTP/1.1" 200 OK
(APIServer pid=1) INFO:     <head-ip>:63023 - "GET /metrics HTTP/1.1" 200 OK
(APIServer pid=1) INFO:     <head-ip>:63024 - "GET /metrics HTTP/1.1" 200 OK
(APIServer pid=1) INFO:     <head-ip>:63025 - "GET /metrics HTTP/1.1" 200 OK
(APIServer pid=1) INFO:     <head-ip>:63027 - "GET /metrics HTTP/1.1" 200 OK
(APIServer pid=1) INFO 09-18 09:33:06 [loggers.py:310] Engine 000: Avg prompt throughput: 0.0 tokens/s, Avg generation throughput: 4.5 tokens/s, Running: 6 reqs, Waiting: 2 reqs, GPU KV cache usage: 89.4%, Prefix cache hit rate: 0.0%
(APIServer pid=1) INFO 09-18 09:33:06 [metrics.py:120] SpecDecoding metrics: Mean acceptance length: 3.00, Accepted throughput: 3.00 tokens/s, Drafted throughput: 3.00 tokens/s, Accepted: 30 tokens, Drafted: 30 tokens, Per-position acceptance rate: 1.000, 1.000, Avg Draft acceptance rate: 100.0%
(APIServer pid=1) INFO:     <head-ip>:63046 - "GET /v1/models HTTP/1.1" 200 OK
(APIServer pid=1) INFO:     <head-ip>:63047 - "GET /metrics HTTP/1.1" 200 OK
(APIServer pid=1) INFO:     <head-ip>:63048 - "GET /metrics HTTP/1.1" 200 OK
(APIServer pid=1) INFO:     <head-ip>:63049 - "GET /metrics HTTP/1.1" 200 OK
(APIServer pid=1) INFO 09-18 09:33:16 [loggers.py:310] Engine 000: Avg prompt throughput: 2354.7 tokens/s, Avg generation throughput: 7.2 tokens/s, Running: 6 reqs, Waiting: 2 reqs, GPU KV cache usage: 85.0%, Prefix cache hit rate: 0.0%
(APIServer pid=1) INFO 09-18 09:33:16 [metrics.py:120] SpecDecoding metrics: Mean acceptance length: 2.54, Accepted throughput: 4.30 tokens/s, Drafted throughput: 5.60 tokens/s, Accepted: 43 tokens, Drafted: 56 tokens, Per-position acceptance rate: 0.821, 0.714, Avg Draft acceptance rate: 76.8%
(APIServer pid=1) INFO:     <head-ip>:63063 - "GET /v1/models HTTP/1.1" 200 OK
(APIServer pid=1) INFO:     <head-ip>:63064 - "GET /metrics HTTP/1.1" 200 OK
(APIServer pid=1) INFO:     <head-ip>:63065 - "GET /metrics HTTP/1.1" 200 OK
(APIServer pid=1) INFO:     <head-ip>:63066 - "GET /metrics HTTP/1.1" 200 OK
(APIServer pid=1) INFO:     <head-ip>:63081 - "GET /v1/models HTTP/1.1" 200 OK
(APIServer pid=1) INFO:     <head-ip>:63082 - "GET /metrics HTTP/1.1" 200 OK
(APIServer pid=1) INFO:     <head-ip>:63083 - "GET /metrics HTTP/1.1" 200 OK
(APIServer pid=1) INFO:     <head-ip>:63084 - "GET /metrics HTTP/1.1" 200 OK
(APIServer pid=1) INFO 09-18 09:33:26 [loggers.py:310] Engine 000: Avg prompt throughput: 0.0 tokens/s, Avg generation throughput: 48.0 tokens/s, Running: 6 reqs, Waiting: 2 reqs, GPU KV cache usage: 85.0%, Prefix cache hit rate: 0.0%
(APIServer pid=1) INFO 09-18 09:33:26 [metrics.py:120] SpecDecoding metrics: Mean acceptance length: 2.86, Accepted throughput: 31.27 tokens/s, Drafted throughput: 33.57 tokens/s, Accepted: 313 tokens, Drafted: 336 tokens, Per-position acceptance rate: 0.958, 0.905, Avg Draft acceptance rate: 93.2%
(APIServer pid=1) INFO:     <head-ip>:63100 - "GET /v1/models HTTP/1.1" 200 OK
(APIServer pid=1) INFO:     <head-ip>:63101 - "GET /metrics HTTP/1.1" 200 OK
(APIServer pid=1) INFO:     <head-ip>:63102 - "GET /metrics HTTP/1.1" 200 OK
(APIServer pid=1) INFO:     <head-ip>:63103 - "GET /metrics HTTP/1.1" 200 OK
(APIServer pid=1) INFO:     <head-ip>:63115 - "GET /v1/models HTTP/1.1" 200 OK
(APIServer pid=1) INFO:     <head-ip>:63116 - "GET /metrics HTTP/1.1" 200 OK
(APIServer pid=1) INFO:     <head-ip>:63117 - "GET /metrics HTTP/1.1" 200 OK
(APIServer pid=1) INFO:     <head-ip>:63118 - "GET /metrics HTTP/1.1" 200 OK
(APIServer pid=1) INFO 09-18 09:33:36 [loggers.py:310] Engine 000: Avg prompt throughput: 0.0 tokens/s, Avg generation throughput: 60.1 tokens/s, Running: 6 reqs, Waiting: 2 reqs, GPU KV cache usage: 85.0%, Prefix cache hit rate: 0.0%
(APIServer pid=1) INFO 09-18 09:33:36 [metrics.py:120] SpecDecoding metrics: Mean acceptance length: 2.95, Accepted throughput: 39.69 tokens/s, Drafted throughput: 40.79 tokens/s, Accepted: 397 tokens, Drafted: 408 tokens, Per-position acceptance rate: 0.995, 0.951, Avg Draft acceptance rate: 97.3%
(APIServer pid=1) INFO:     <head-ip>:61964 - "POST /v1/completions HTTP/1.1" 200 OK
(APIServer pid=1) INFO:     <head-ip>:63137 - "GET /v1/models HTTP/1.1" 200 OK
(APIServer pid=1) INFO:     <head-ip>:63138 - "GET /metrics HTTP/1.1" 200 OK
(APIServer pid=1) INFO:     <head-ip>:63139 - "GET /metrics HTTP/1.1" 200 OK
(APIServer pid=1) INFO:     <head-ip>:63140 - "GET /metrics HTTP/1.1" 200 OK
(APIServer pid=1) INFO 09-18 09:33:46 [loggers.py:310] Engine 000: Avg prompt throughput: 0.0 tokens/s, Avg generation throughput: 22.3 tokens/s, Running: 6 reqs, Waiting: 1 reqs, GPU KV cache usage: 89.4%, Prefix cache hit rate: 0.0%
(APIServer pid=1) INFO 09-18 09:33:46 [metrics.py:120] SpecDecoding metrics: Mean acceptance length: 2.97, Accepted throughput: 14.80 tokens/s, Drafted throughput: 15.00 tokens/s, Accepted: 148 tokens, Drafted: 150 tokens, Per-position acceptance rate: 1.000, 0.973, Avg Draft acceptance rate: 98.7%
(APIServer pid=1) INFO:     <head-ip>:63154 - "GET /v1/models HTTP/1.1" 200 OK
(APIServer pid=1) INFO:     <head-ip>:63155 - "GET /metrics HTTP/1.1" 200 OK
(APIServer pid=1) INFO:     <head-ip>:63156 - "GET /metrics HTTP/1.1" 200 OK
(APIServer pid=1) INFO:     <head-ip>:63157 - "GET /metrics HTTP/1.1" 200 OK
(APIServer pid=1) INFO:     <head-ip>:63170 - "GET /v1/models HTTP/1.1" 200 OK
(APIServer pid=1) INFO:     <head-ip>:63171 - "GET /metrics HTTP/1.1" 200 OK
(APIServer pid=1) INFO:     <head-ip>:63172 - "GET /metrics HTTP/1.1" 200 OK
(APIServer pid=1) INFO:     <head-ip>:63173 - "GET /metrics HTTP/1.1" 200 OK
(APIServer pid=1) INFO:     <head-ip>:61966 - "POST /v1/completions HTTP/1.1" 200 OK
(APIServer pid=1) INFO 09-18 09:33:56 [loggers.py:310] Engine 000: Avg prompt throughput: 2354.7 tokens/s, Avg generation throughput: 6.3 tokens/s, Running: 6 reqs, Waiting: 0 reqs, GPU KV cache usage: 85.0%, Prefix cache hit rate: 0.0%
(APIServer pid=1) INFO 09-18 09:33:56 [metrics.py:120] SpecDecoding metrics: Mean acceptance length: 2.86, Accepted throughput: 4.10 tokens/s, Drafted throughput: 4.40 tokens/s, Accepted: 41 tokens, Drafted: 44 tokens, Per-position acceptance rate: 0.955, 0.909, Avg Draft acceptance rate: 93.2%
(APIServer pid=1) INFO:     <head-ip>:63187 - "GET /v1/models HTTP/1.1" 200 OK
(APIServer pid=1) INFO:     <head-ip>:63188 - "GET /metrics HTTP/1.1" 200 OK
(APIServer pid=1) INFO:     <head-ip>:63189 - "GET /metrics HTTP/1.1" 200 OK
(APIServer pid=1) INFO:     <head-ip>:63190 - "GET /metrics HTTP/1.1" 200 OK
(APIServer pid=1) INFO:     <head-ip>:61965 - "POST /v1/completions HTTP/1.1" 200 OK
(APIServer pid=1) INFO:     <head-ip>:63202 - "GET /v1/models HTTP/1.1" 200 OK
(APIServer pid=1) INFO:     <head-ip>:63203 - "GET /metrics HTTP/1.1" 200 OK
(APIServer pid=1) INFO:     <head-ip>:63204 - "GET /metrics HTTP/1.1" 200 OK
(APIServer pid=1) INFO:     <head-ip>:63205 - "GET /metrics HTTP/1.1" 200 OK
(APIServer pid=1) INFO:     <head-ip>:63207 - "GET /metrics HTTP/1.1" 200 OK
(APIServer pid=1) INFO 09-18 09:34:06 [loggers.py:310] Engine 000: Avg prompt throughput: 2494.7 tokens/s, Avg generation throughput: 7.1 tokens/s, Running: 5 reqs, Waiting: 0 reqs, GPU KV cache usage: 70.8%, Prefix cache hit rate: 0.0%
(APIServer pid=1) INFO 09-18 09:34:06 [metrics.py:120] SpecDecoding metrics: Mean acceptance length: 2.92, Accepted throughput: 4.60 tokens/s, Drafted throughput: 4.80 tokens/s, Accepted: 46 tokens, Drafted: 48 tokens, Per-position acceptance rate: 0.958, 0.958, Avg Draft acceptance rate: 95.8%
(APIServer pid=1) INFO:     <head-ip>:61967 - "POST /v1/completions HTTP/1.1" 200 OK
(APIServer pid=1) INFO:     <head-ip>:61968 - "POST /v1/completions HTTP/1.1" 200 OK
(APIServer pid=1) INFO:     <head-ip>:61969 - "POST /v1/completions HTTP/1.1" 200 OK
(APIServer pid=1) INFO:     <head-ip>:63226 - "GET /v1/models HTTP/1.1" 200 OK
(APIServer pid=1) INFO:     <head-ip>:63227 - "GET /metrics HTTP/1.1" 200 OK
(APIServer pid=1) INFO:     <head-ip>:63228 - "GET /metrics HTTP/1.1" 200 OK
(APIServer pid=1) INFO:     <head-ip>:63229 - "GET /metrics HTTP/1.1" 200 OK
(APIServer pid=1) INFO 09-18 09:34:16 [loggers.py:310] Engine 000: Avg prompt throughput: 0.0 tokens/s, Avg generation throughput: 47.3 tokens/s, Running: 2 reqs, Waiting: 0 reqs, GPU KV cache usage: 28.3%, Prefix cache hit rate: 0.0%
(APIServer pid=1) INFO 09-18 09:34:16 [metrics.py:120] SpecDecoding metrics: Mean acceptance length: 2.99, Accepted throughput: 31.90 tokens/s, Drafted throughput: 32.00 tokens/s, Accepted: 319 tokens, Drafted: 320 tokens, Per-position acceptance rate: 1.000, 0.994, Avg Draft acceptance rate: 99.7%
(APIServer pid=1) INFO:     <head-ip>:63245 - "GET /v1/models HTTP/1.1" 200 OK
(APIServer pid=1) INFO:     <head-ip>:63246 - "GET /metrics HTTP/1.1" 200 OK
(APIServer pid=1) INFO:     <head-ip>:63247 - "GET /metrics HTTP/1.1" 200 OK
(APIServer pid=1) INFO:     <head-ip>:63248 - "GET /metrics HTTP/1.1" 200 OK
(APIServer pid=1) INFO:     <head-ip>:61970 - "POST /v1/completions HTTP/1.1" 200 OK
(APIServer pid=1) INFO:     <head-ip>:61971 - "POST /v1/completions HTTP/1.1" 200 OK
(APIServer pid=1) INFO:     <head-ip>:63261 - "GET /v1/models HTTP/1.1" 200 OK
(APIServer pid=1) INFO:     <head-ip>:63262 - "GET /metrics HTTP/1.1" 200 OK
(APIServer pid=1) INFO:     <head-ip>:63263 - "GET /metrics HTTP/1.1" 200 OK
(APIServer pid=1) INFO:     <head-ip>:63264 - "GET /metrics HTTP/1.1" 200 OK
