MEASURE label=ship8192-freshboot start=2026-09-18T06:19:06+0800 levels=[(1, 64)] max_tokens=512
  C=1 prompt done tokens=512 ttft=0.31s tpot=26.9ms wall=14.05s finish=length
  C=1 prompt done tokens=512 ttft=0.33s tpot=26.4ms wall=13.83s finish=length
  C=1 prompt done tokens=512 ttft=0.35s tpot=27.2ms wall=14.24s finish=length
  C=1 prompt done tokens=512 ttft=0.38s tpot=25.9ms wall=13.59s finish=length
  C=1 prompt done tokens=512 ttft=0.34s tpot=26.0ms wall=13.61s finish=length
  C=1 prompt done tokens=512 ttft=0.26s tpot=24.3ms wall=12.65s finish=length
  C=1 prompt done tokens=512 ttft=0.27s tpot=27.1ms wall=14.13s finish=length
  C=1 prompt done tokens=512 ttft=0.27s tpot=26.2ms wall=13.67s finish=length
  C=1 prompt done tokens=512 ttft=0.33s tpot=26.9ms wall=14.07s finish=length
  C=1 prompt done tokens=512 ttft=0.24s tpot=24.7ms wall=12.88s finish=length
  C=1 prompt done tokens=512 ttft=0.33s tpot=26.5ms wall=13.88s finish=length
  C=1 prompt done tokens=512 ttft=0.31s tpot=26.2ms wall=13.70s finish=length
  C=1 prompt done tokens=512 ttft=0.30s tpot=26.7ms wall=13.96s finish=length
  C=1 prompt done tokens=512 ttft=0.26s tpot=26.2ms wall=13.64s finish=length
  C=1 prompt done tokens=512 ttft=0.26s tpot=24.6ms wall=12.84s finish=length
  C=1 prompt done tokens=512 ttft=0.30s tpot=26.3ms wall=13.73s finish=length
  C=1 prompt done tokens=512 ttft=0.28s tpot=27.0ms wall=14.06s finish=length
  C=1 prompt done tokens=512 ttft=0.27s tpot=26.4ms wall=13.76s finish=length
  C=1 prompt done tokens=512 ttft=0.31s tpot=26.0ms wall=13.62s finish=length
  C=1 prompt done tokens=512 ttft=0.35s tpot=27.0ms wall=14.13s finish=length
  C=1 prompt done tokens=512 ttft=0.24s tpot=25.0ms wall=13.03s finish=length
  C=1 prompt done tokens=512 ttft=0.31s tpot=27.0ms wall=14.08s finish=length
  C=1 prompt done tokens=343 ttft=0.26s tpot=26.0ms wall=9.15s finish=stop
  C=1 prompt done tokens=473 ttft=0.29s tpot=25.9ms wall=12.50s finish=stop
  C=1 prompt done tokens=426 ttft=0.33s tpot=25.0ms wall=10.96s finish=stop
  C=1 prompt done tokens=512 ttft=0.28s tpot=27.0ms wall=14.10s finish=length
  C=1 prompt done tokens=512 ttft=0.37s tpot=26.3ms wall=13.82s finish=length
  C=1 prompt done tokens=512 ttft=0.31s tpot=25.4ms wall=13.29s finish=length
  C=1 prompt done tokens=512 ttft=0.32s tpot=26.7ms wall=13.95s finish=length
  C=1 prompt done tokens=512 ttft=0.28s tpot=25.3ms wall=13.23s finish=length
  C=1 prompt done tokens=512 ttft=0.30s tpot=23.5ms wall=12.30s finish=length
  C=1 prompt done tokens=512 ttft=0.28s tpot=25.8ms wall=13.48s finish=length
  C=1 prompt done tokens=512 ttft=0.25s tpot=27.2ms wall=14.16s finish=length
  C=1 prompt done tokens=512 ttft=0.24s tpot=25.6ms wall=13.34s finish=length
  C=1 prompt done tokens=512 ttft=0.30s tpot=25.0ms wall=13.09s finish=length
  C=1 prompt done tokens=512 ttft=0.36s tpot=27.7ms wall=14.52s finish=length
  C=1 prompt done tokens=512 ttft=0.24s tpot=26.3ms wall=13.66s finish=length
  C=1 prompt done tokens=512 ttft=0.29s tpot=27.1ms wall=14.15s finish=length
  C=1 prompt done tokens=512 ttft=0.30s tpot=24.5ms wall=12.80s finish=length
  C=1 prompt done tokens=512 ttft=0.29s tpot=26.1ms wall=13.61s finish=length
  C=1 prompt done tokens=512 ttft=0.33s tpot=26.4ms wall=13.84s finish=length
  C=1 prompt done tokens=512 ttft=0.28s tpot=26.8ms wall=13.96s finish=length
  C=1 prompt done tokens=512 ttft=0.33s tpot=25.4ms wall=13.29s finish=length
  C=1 prompt done tokens=512 ttft=0.30s tpot=26.5ms wall=13.86s finish=length
  C=1 prompt done tokens=512 ttft=0.25s tpot=27.0ms wall=14.05s finish=length
  C=1 prompt done tokens=512 ttft=0.23s tpot=24.8ms wall=12.89s finish=length
  C=1 prompt done tokens=512 ttft=0.33s tpot=25.9ms wall=13.55s finish=length
  C=1 prompt done tokens=512 ttft=0.35s tpot=28.0ms wall=14.65s finish=length
  C=1 prompt done tokens=512 ttft=0.26s tpot=24.9ms wall=12.97s finish=length
  C=1 prompt done tokens=512 ttft=0.24s tpot=27.4ms wall=14.22s finish=length
  C=1 prompt done tokens=512 ttft=0.35s tpot=27.1ms wall=14.17s finish=length
  C=1 prompt done tokens=512 ttft=0.26s tpot=25.4ms wall=13.26s finish=length
  C=1 prompt done tokens=512 ttft=0.27s tpot=26.4ms wall=13.73s finish=length
  C=1 prompt done tokens=512 ttft=0.34s tpot=27.1ms wall=14.18s finish=length
  C=1 prompt done tokens=512 ttft=0.27s tpot=26.8ms wall=13.97s finish=length
  C=1 prompt done tokens=512 ttft=0.27s tpot=27.0ms wall=14.07s finish=length
  C=1 prompt done tokens=512 ttft=0.32s tpot=26.7ms wall=13.96s finish=length
  C=1 prompt done tokens=512 ttft=0.31s tpot=27.3ms wall=14.26s finish=length
  C=1 prompt done tokens=512 ttft=0.30s tpot=28.5ms wall=14.88s finish=length
  C=1 prompt done tokens=512 ttft=0.31s tpot=27.9ms wall=14.57s finish=length
  C=1 prompt done tokens=512 ttft=0.37s tpot=24.9ms wall=13.07s finish=length
  C=1 prompt done tokens=512 ttft=0.32s tpot=25.7ms wall=13.46s finish=length
  C=1 prompt done tokens=512 ttft=0.34s tpot=27.4ms wall=14.35s finish=length
  C=1 prompt done tokens=512 ttft=0.30s tpot=25.6ms wall=13.36s finish=length
LEVEL label=ship8192-freshboot C=1 prompts=64 tok/s=37.33 tokens=32474 wall=869.83s fails=0 tpot_med_ms=26.4 ttft_med_s=0.302
ACCEPT label=ship8192-freshboot d_accepted=17927.0 d_draft_tokens=29066.0 d_drafts=14533.0 acceptance=0.6168 mean_accepted_len=2.2335
WROTE /tmp/dogfood-out/measure-ship8192-freshboot.json
