MEASURE label=ep-on-8192 start=2026-09-18T08:06:15+0800 levels=[(1, 64)] max_tokens=512
  C=1 prompt done tokens=512 ttft=0.31s tpot=28.3ms wall=14.77s finish=length
  C=1 prompt done tokens=512 ttft=0.33s tpot=28.1ms wall=14.70s finish=length
  C=1 prompt done tokens=512 ttft=0.39s tpot=27.7ms wall=14.52s finish=length
  C=1 prompt done tokens=512 ttft=0.37s tpot=27.6ms wall=14.50s finish=length
  C=1 prompt done tokens=512 ttft=0.30s tpot=27.3ms wall=14.25s finish=length
  C=1 prompt done tokens=512 ttft=0.25s tpot=27.2ms wall=14.14s finish=length
  C=1 prompt done tokens=512 ttft=0.33s tpot=29.5ms wall=15.41s finish=length
  C=1 prompt done tokens=512 ttft=0.31s tpot=30.5ms wall=15.90s finish=length
  C=1 prompt done tokens=512 ttft=0.30s tpot=28.9ms wall=15.06s finish=length
  C=1 prompt done tokens=512 ttft=0.26s tpot=26.7ms wall=13.90s finish=length
  C=1 prompt done tokens=512 ttft=0.29s tpot=29.3ms wall=15.27s finish=length
  C=1 prompt done tokens=512 ttft=0.29s tpot=28.3ms wall=14.75s finish=length
  C=1 prompt done tokens=512 ttft=0.30s tpot=28.9ms wall=15.06s finish=length
  C=1 prompt done tokens=512 ttft=0.32s tpot=28.6ms wall=14.91s finish=length
  C=1 prompt done tokens=512 ttft=0.27s tpot=26.7ms wall=13.93s finish=length
  C=1 prompt done tokens=512 ttft=0.31s tpot=29.6ms wall=15.45s finish=length
  C=1 prompt done tokens=512 ttft=0.28s tpot=27.6ms wall=14.41s finish=length
  C=1 prompt done tokens=512 ttft=0.26s tpot=27.9ms wall=14.53s finish=length
  C=1 prompt done tokens=512 ttft=0.33s tpot=26.8ms wall=14.04s finish=length
  C=1 prompt done tokens=512 ttft=0.36s tpot=27.3ms wall=14.32s finish=length
  C=1 prompt done tokens=512 ttft=0.24s tpot=28.1ms wall=14.59s finish=length
  C=1 prompt done tokens=512 ttft=0.27s tpot=27.0ms wall=14.08s finish=length
  C=1 prompt done tokens=512 ttft=0.32s tpot=25.7ms wall=13.47s finish=length
  C=1 prompt done tokens=416 ttft=0.30s tpot=27.6ms wall=11.76s finish=stop
  C=1 prompt done tokens=512 ttft=0.34s tpot=27.6ms wall=14.42s finish=length
  C=1 prompt done tokens=512 ttft=0.25s tpot=28.0ms wall=14.58s finish=length
  C=1 prompt done tokens=512 ttft=0.38s tpot=27.7ms wall=14.52s finish=length
  C=1 prompt done tokens=512 ttft=0.31s tpot=29.4ms wall=15.31s finish=length
  C=1 prompt done tokens=512 ttft=0.29s tpot=27.7ms wall=14.45s finish=length
  C=1 prompt done tokens=512 ttft=0.29s tpot=27.3ms wall=14.24s finish=length
  C=1 prompt done tokens=512 ttft=0.35s tpot=27.2ms wall=14.23s finish=length
  C=1 prompt done tokens=512 ttft=0.33s tpot=28.1ms wall=14.68s finish=length
  C=1 prompt done tokens=512 ttft=0.26s tpot=28.0ms wall=14.56s finish=length
  C=1 prompt done tokens=512 ttft=0.26s tpot=27.0ms wall=14.08s finish=length
  C=1 prompt done tokens=512 ttft=0.30s tpot=27.9ms wall=14.57s finish=length
  C=1 prompt done tokens=512 ttft=0.37s tpot=27.9ms wall=14.61s finish=length
  C=1 prompt done tokens=512 ttft=0.30s tpot=29.1ms wall=15.18s finish=length
  C=1 prompt done tokens=512 ttft=0.31s tpot=28.6ms wall=14.93s finish=length
  C=1 prompt done tokens=512 ttft=0.25s tpot=28.8ms wall=14.98s finish=length
  C=1 prompt done tokens=512 ttft=0.26s tpot=27.9ms wall=14.49s finish=length
  C=1 prompt done tokens=512 ttft=0.35s tpot=27.8ms wall=14.54s finish=length
  C=1 prompt done tokens=512 ttft=0.34s tpot=26.8ms wall=14.05s finish=length
  C=1 prompt done tokens=512 ttft=0.28s tpot=29.3ms wall=15.28s finish=length
  C=1 prompt done tokens=512 ttft=0.26s tpot=27.7ms wall=14.44s finish=length
  C=1 prompt done tokens=512 ttft=0.33s tpot=28.8ms wall=15.04s finish=length
  C=1 prompt done tokens=512 ttft=0.24s tpot=27.7ms wall=14.39s finish=length
  C=1 prompt done tokens=512 ttft=0.33s tpot=29.4ms wall=15.34s finish=length
  C=1 prompt done tokens=512 ttft=0.35s tpot=29.5ms wall=15.40s finish=length
  C=1 prompt done tokens=481 ttft=0.28s tpot=26.0ms wall=12.77s finish=stop
  C=1 prompt done tokens=512 ttft=0.31s tpot=28.8ms wall=15.04s finish=length
  C=1 prompt done tokens=512 ttft=0.36s tpot=27.8ms wall=14.57s finish=length
  C=1 prompt done tokens=512 ttft=0.29s tpot=27.8ms wall=14.52s finish=length
  C=1 prompt done tokens=512 ttft=0.30s tpot=27.7ms wall=14.45s finish=length
  C=1 prompt done tokens=512 ttft=0.30s tpot=28.8ms wall=15.00s finish=length
  C=1 prompt done tokens=512 ttft=0.27s tpot=26.8ms wall=13.98s finish=length
  C=1 prompt done tokens=512 ttft=0.31s tpot=28.3ms wall=14.76s finish=length
  C=1 prompt done tokens=512 ttft=0.31s tpot=27.8ms wall=14.49s finish=length
  C=1 prompt done tokens=512 ttft=0.33s tpot=29.1ms wall=15.21s finish=length
  C=1 prompt done tokens=512 ttft=0.26s tpot=28.4ms wall=14.78s finish=length
  C=1 prompt done tokens=512 ttft=0.28s tpot=27.8ms wall=14.50s finish=length
  C=1 prompt done tokens=278 ttft=0.38s tpot=26.8ms wall=7.80s finish=stop
  C=1 prompt done tokens=512 ttft=0.32s tpot=26.5ms wall=13.87s finish=length
  C=1 prompt done tokens=512 ttft=0.29s tpot=28.6ms wall=14.91s finish=length
  C=1 prompt done tokens=512 ttft=0.25s tpot=27.0ms wall=14.03s finish=length
LEVEL label=ep-on-8192 C=1 prompts=64 tok/s=35.05 tokens=32407 wall=924.71s fails=0 tpot_med_ms=27.9 ttft_med_s=0.304
ACCEPT label=ep-on-8192 d_accepted=17963.0 d_draft_tokens=28866.0 d_drafts=14433.0 acceptance=0.6223 mean_accepted_len=2.2446
WROTE /tmp/dogfood-out/measure-ep-on-8192.json
